// Jest Snapshot v1, https://goo.gl/fbAQLP

exports[`RouteTable 1`] = `[Function]`;
